// Jest Snapshot v1, https://goo.gl/fbAQLP

exports[`ProductItem matches snapshot 1`] = `
initialize {
  "0": Object {
    "attribs": Object {
      "class": "Products__Container-sc-189ksbx-11 bfkBuI",
    },
    "children": Array [
      Object {
        "attribs": Object {
          "class": "Products__BuyLogo-sc-189ksbx-2 bvVWja",
          "src": "/icons/buy-blue.svg",
        },
        "children": Array [],
        "name": "img",
        "namespace": "http://www.w3.org/1999/xhtml",
        "next": Object {
          "attribs": Object {
            "alt": "iPhone 8",
            "class": "Products__ProductImage-sc-189ksbx-7 fsrlVZ",
            "src": "https://aerolab-challenge.now.sh/images/iPhone8-x1.png",
          },
          "children": Array [],
          "name": "img",
          "namespace": "http://www.w3.org/1999/xhtml",
          "next": Object {
            "attribs": Object {
              "class": "Products__Break-sc-189ksbx-8 hPsqUm",
            },
            "children": Array [],
            "name": "div",
            "namespace": "http://www.w3.org/1999/xhtml",
            "next": Object {
              "attribs": Object {
                "class": "Products__Category-sc-189ksbx-9 jLhkHD",
              },
              "children": Array [
                Object {
                  "data": "Phones",
                  "next": null,
                  "parent": [Circular],
                  "prev": null,
                  "type": "text",
                },
              ],
              "name": "div",
              "namespace": "http://www.w3.org/1999/xhtml",
              "next": Object {
                "attribs": Object {
                  "class": "Products__ProductName-sc-189ksbx-10 fznLgY",
                },
                "children": Array [
                  Object {
                    "data": "iPhone 8",
                    "next": null,
                    "parent": [Circular],
                    "prev": null,
                    "type": "text",
                  },
                ],
                "name": "div",
                "namespace": "http://www.w3.org/1999/xhtml",
                "next": null,
                "parent": [Circular],
                "prev": [Circular],
                "type": "tag",
                "x-attribsNamespace": Object {
                  "class": undefined,
                },
                "x-attribsPrefix": Object {
                  "class": undefined,
                },
              },
              "parent": [Circular],
              "prev": [Circular],
              "type": "tag",
              "x-attribsNamespace": Object {
                "class": undefined,
              },
              "x-attribsPrefix": Object {
                "class": undefined,
              },
            },
            "parent": [Circular],
            "prev": [Circular],
            "type": "tag",
            "x-attribsNamespace": Object {
              "class": undefined,
            },
            "x-attribsPrefix": Object {
              "class": undefined,
            },
          },
          "parent": [Circular],
          "prev": [Circular],
          "type": "tag",
          "x-attribsNamespace": Object {
            "alt": undefined,
            "class": undefined,
            "src": undefined,
          },
          "x-attribsPrefix": Object {
            "alt": undefined,
            "class": undefined,
            "src": undefined,
          },
        },
        "parent": [Circular],
        "prev": null,
        "type": "tag",
        "x-attribsNamespace": Object {
          "class": undefined,
          "src": undefined,
        },
        "x-attribsPrefix": Object {
          "class": undefined,
          "src": undefined,
        },
      },
      Object {
        "attribs": Object {
          "alt": "iPhone 8",
          "class": "Products__ProductImage-sc-189ksbx-7 fsrlVZ",
          "src": "https://aerolab-challenge.now.sh/images/iPhone8-x1.png",
        },
        "children": Array [],
        "name": "img",
        "namespace": "http://www.w3.org/1999/xhtml",
        "next": Object {
          "attribs": Object {
            "class": "Products__Break-sc-189ksbx-8 hPsqUm",
          },
          "children": Array [],
          "name": "div",
          "namespace": "http://www.w3.org/1999/xhtml",
          "next": Object {
            "attribs": Object {
              "class": "Products__Category-sc-189ksbx-9 jLhkHD",
            },
            "children": Array [
              Object {
                "data": "Phones",
                "next": null,
                "parent": [Circular],
                "prev": null,
                "type": "text",
              },
            ],
            "name": "div",
            "namespace": "http://www.w3.org/1999/xhtml",
            "next": Object {
              "attribs": Object {
                "class": "Products__ProductName-sc-189ksbx-10 fznLgY",
              },
              "children": Array [
                Object {
                  "data": "iPhone 8",
                  "next": null,
                  "parent": [Circular],
                  "prev": null,
                  "type": "text",
                },
              ],
              "name": "div",
              "namespace": "http://www.w3.org/1999/xhtml",
              "next": null,
              "parent": [Circular],
              "prev": [Circular],
              "type": "tag",
              "x-attribsNamespace": Object {
                "class": undefined,
              },
              "x-attribsPrefix": Object {
                "class": undefined,
              },
            },
            "parent": [Circular],
            "prev": [Circular],
            "type": "tag",
            "x-attribsNamespace": Object {
              "class": undefined,
            },
            "x-attribsPrefix": Object {
              "class": undefined,
            },
          },
          "parent": [Circular],
          "prev": [Circular],
          "type": "tag",
          "x-attribsNamespace": Object {
            "class": undefined,
          },
          "x-attribsPrefix": Object {
            "class": undefined,
          },
        },
        "parent": [Circular],
        "prev": Object {
          "attribs": Object {
            "class": "Products__BuyLogo-sc-189ksbx-2 bvVWja",
            "src": "/icons/buy-blue.svg",
          },
          "children": Array [],
          "name": "img",
          "namespace": "http://www.w3.org/1999/xhtml",
          "next": [Circular],
          "parent": [Circular],
          "prev": null,
          "type": "tag",
          "x-attribsNamespace": Object {
            "class": undefined,
            "src": undefined,
          },
          "x-attribsPrefix": Object {
            "class": undefined,
            "src": undefined,
          },
        },
        "type": "tag",
        "x-attribsNamespace": Object {
          "alt": undefined,
          "class": undefined,
          "src": undefined,
        },
        "x-attribsPrefix": Object {
          "alt": undefined,
          "class": undefined,
          "src": undefined,
        },
      },
      Object {
        "attribs": Object {
          "class": "Products__Break-sc-189ksbx-8 hPsqUm",
        },
        "children": Array [],
        "name": "div",
        "namespace": "http://www.w3.org/1999/xhtml",
        "next": Object {
          "attribs": Object {
            "class": "Products__Category-sc-189ksbx-9 jLhkHD",
          },
          "children": Array [
            Object {
              "data": "Phones",
              "next": null,
              "parent": [Circular],
              "prev": null,
              "type": "text",
            },
          ],
          "name": "div",
          "namespace": "http://www.w3.org/1999/xhtml",
          "next": Object {
            "attribs": Object {
              "class": "Products__ProductName-sc-189ksbx-10 fznLgY",
            },
            "children": Array [
              Object {
                "data": "iPhone 8",
                "next": null,
                "parent": [Circular],
                "prev": null,
                "type": "text",
              },
            ],
            "name": "div",
            "namespace": "http://www.w3.org/1999/xhtml",
            "next": null,
            "parent": [Circular],
            "prev": [Circular],
            "type": "tag",
            "x-attribsNamespace": Object {
              "class": undefined,
            },
            "x-attribsPrefix": Object {
              "class": undefined,
            },
          },
          "parent": [Circular],
          "prev": [Circular],
          "type": "tag",
          "x-attribsNamespace": Object {
            "class": undefined,
          },
          "x-attribsPrefix": Object {
            "class": undefined,
          },
        },
        "parent": [Circular],
        "prev": Object {
          "attribs": Object {
            "alt": "iPhone 8",
            "class": "Products__ProductImage-sc-189ksbx-7 fsrlVZ",
            "src": "https://aerolab-challenge.now.sh/images/iPhone8-x1.png",
          },
          "children": Array [],
          "name": "img",
          "namespace": "http://www.w3.org/1999/xhtml",
          "next": [Circular],
          "parent": [Circular],
          "prev": Object {
            "attribs": Object {
              "class": "Products__BuyLogo-sc-189ksbx-2 bvVWja",
              "src": "/icons/buy-blue.svg",
            },
            "children": Array [],
            "name": "img",
            "namespace": "http://www.w3.org/1999/xhtml",
            "next": [Circular],
            "parent": [Circular],
            "prev": null,
            "type": "tag",
            "x-attribsNamespace": Object {
              "class": undefined,
              "src": undefined,
            },
            "x-attribsPrefix": Object {
              "class": undefined,
              "src": undefined,
            },
          },
          "type": "tag",
          "x-attribsNamespace": Object {
            "alt": undefined,
            "class": undefined,
            "src": undefined,
          },
          "x-attribsPrefix": Object {
            "alt": undefined,
            "class": undefined,
            "src": undefined,
          },
        },
        "type": "tag",
        "x-attribsNamespace": Object {
          "class": undefined,
        },
        "x-attribsPrefix": Object {
          "class": undefined,
        },
      },
      Object {
        "attribs": Object {
          "class": "Products__Category-sc-189ksbx-9 jLhkHD",
        },
        "children": Array [
          Object {
            "data": "Phones",
            "next": null,
            "parent": [Circular],
            "prev": null,
            "type": "text",
          },
        ],
        "name": "div",
        "namespace": "http://www.w3.org/1999/xhtml",
        "next": Object {
          "attribs": Object {
            "class": "Products__ProductName-sc-189ksbx-10 fznLgY",
          },
          "children": Array [
            Object {
              "data": "iPhone 8",
              "next": null,
              "parent": [Circular],
              "prev": null,
              "type": "text",
            },
          ],
          "name": "div",
          "namespace": "http://www.w3.org/1999/xhtml",
          "next": null,
          "parent": [Circular],
          "prev": [Circular],
          "type": "tag",
          "x-attribsNamespace": Object {
            "class": undefined,
          },
          "x-attribsPrefix": Object {
            "class": undefined,
          },
        },
        "parent": [Circular],
        "prev": Object {
          "attribs": Object {
            "class": "Products__Break-sc-189ksbx-8 hPsqUm",
          },
          "children": Array [],
          "name": "div",
          "namespace": "http://www.w3.org/1999/xhtml",
          "next": [Circular],
          "parent": [Circular],
          "prev": Object {
            "attribs": Object {
              "alt": "iPhone 8",
              "class": "Products__ProductImage-sc-189ksbx-7 fsrlVZ",
              "src": "https://aerolab-challenge.now.sh/images/iPhone8-x1.png",
            },
            "children": Array [],
            "name": "img",
            "namespace": "http://www.w3.org/1999/xhtml",
            "next": [Circular],
            "parent": [Circular],
            "prev": Object {
              "attribs": Object {
                "class": "Products__BuyLogo-sc-189ksbx-2 bvVWja",
                "src": "/icons/buy-blue.svg",
              },
              "children": Array [],
              "name": "img",
              "namespace": "http://www.w3.org/1999/xhtml",
              "next": [Circular],
              "parent": [Circular],
              "prev": null,
              "type": "tag",
              "x-attribsNamespace": Object {
                "class": undefined,
                "src": undefined,
              },
              "x-attribsPrefix": Object {
                "class": undefined,
                "src": undefined,
              },
            },
            "type": "tag",
            "x-attribsNamespace": Object {
              "alt": undefined,
              "class": undefined,
              "src": undefined,
            },
            "x-attribsPrefix": Object {
              "alt": undefined,
              "class": undefined,
              "src": undefined,
            },
          },
          "type": "tag",
          "x-attribsNamespace": Object {
            "class": undefined,
          },
          "x-attribsPrefix": Object {
            "class": undefined,
          },
        },
        "type": "tag",
        "x-attribsNamespace": Object {
          "class": undefined,
        },
        "x-attribsPrefix": Object {
          "class": undefined,
        },
      },
      Object {
        "attribs": Object {
          "class": "Products__ProductName-sc-189ksbx-10 fznLgY",
        },
        "children": Array [
          Object {
            "data": "iPhone 8",
            "next": null,
            "parent": [Circular],
            "prev": null,
            "type": "text",
          },
        ],
        "name": "div",
        "namespace": "http://www.w3.org/1999/xhtml",
        "next": null,
        "parent": [Circular],
        "prev": Object {
          "attribs": Object {
            "class": "Products__Category-sc-189ksbx-9 jLhkHD",
          },
          "children": Array [
            Object {
              "data": "Phones",
              "next": null,
              "parent": [Circular],
              "prev": null,
              "type": "text",
            },
          ],
          "name": "div",
          "namespace": "http://www.w3.org/1999/xhtml",
          "next": [Circular],
          "parent": [Circular],
          "prev": Object {
            "attribs": Object {
              "class": "Products__Break-sc-189ksbx-8 hPsqUm",
            },
            "children": Array [],
            "name": "div",
            "namespace": "http://www.w3.org/1999/xhtml",
            "next": [Circular],
            "parent": [Circular],
            "prev": Object {
              "attribs": Object {
                "alt": "iPhone 8",
                "class": "Products__ProductImage-sc-189ksbx-7 fsrlVZ",
                "src": "https://aerolab-challenge.now.sh/images/iPhone8-x1.png",
              },
              "children": Array [],
              "name": "img",
              "namespace": "http://www.w3.org/1999/xhtml",
              "next": [Circular],
              "parent": [Circular],
              "prev": Object {
                "attribs": Object {
                  "class": "Products__BuyLogo-sc-189ksbx-2 bvVWja",
                  "src": "/icons/buy-blue.svg",
                },
                "children": Array [],
                "name": "img",
                "namespace": "http://www.w3.org/1999/xhtml",
                "next": [Circular],
                "parent": [Circular],
                "prev": null,
                "type": "tag",
                "x-attribsNamespace": Object {
                  "class": undefined,
                  "src": undefined,
                },
                "x-attribsPrefix": Object {
                  "class": undefined,
                  "src": undefined,
                },
              },
              "type": "tag",
              "x-attribsNamespace": Object {
                "alt": undefined,
                "class": undefined,
                "src": undefined,
              },
              "x-attribsPrefix": Object {
                "alt": undefined,
                "class": undefined,
                "src": undefined,
              },
            },
            "type": "tag",
            "x-attribsNamespace": Object {
              "class": undefined,
            },
            "x-attribsPrefix": Object {
              "class": undefined,
            },
          },
          "type": "tag",
          "x-attribsNamespace": Object {
            "class": undefined,
          },
          "x-attribsPrefix": Object {
            "class": undefined,
          },
        },
        "type": "tag",
        "x-attribsNamespace": Object {
          "class": undefined,
        },
        "x-attribsPrefix": Object {
          "class": undefined,
        },
      },
    ],
    "name": "div",
    "namespace": "http://www.w3.org/1999/xhtml",
    "next": null,
    "parent": null,
    "prev": null,
    "root": Object {
      "attribs": Object {},
      "children": Array [
        [Circular],
      ],
      "name": "root",
      "namespace": "http://www.w3.org/1999/xhtml",
      "next": null,
      "parent": null,
      "prev": null,
      "type": "root",
      "x-attribsNamespace": Object {},
      "x-attribsPrefix": Object {},
    },
    "type": "tag",
    "x-attribsNamespace": Object {
      "class": undefined,
    },
    "x-attribsPrefix": Object {
      "class": undefined,
    },
  },
  "_root": [Circular],
  "length": 1,
  "options": Object {
    "decodeEntities": true,
    "normalizeWhitespace": false,
    "withDomLvl1": true,
    "xml": false,
  },
}
`;
